// Jest Snapshot v1, https://goo.gl/fbAQLP

exports[`Renders AbilityScoreCounter 1`] = `
Object {
  "asFragment": [Function],
  "baseElement": <body>
    <div>
      <div
        class="ability-score-counter"
      >
        <div
          class="counter-container"
        >
          <div
            class="score-display"
          >
            <button
              class="button-container is-disabled"
              disabled=""
              type="button"
            >
              <test-file-stub />
            </button>
            <div>
              NaN
            </div>
            <button
              class="button-container"
              type="button"
            >
              <test-file-stub />
            </button>
          </div>
          <div
            class="bonus-display"
          >
            NaN
          </div>
        </div>
        <h2
          class="attribute"
        >
          strength
        </h2>
        <p>
          <span>
            Carry weight:
          </span>
           
          NaNlb
        </p>
        <p>
          <span>
            Push weight:
          </span>
           
          NaNlb
        </p>
        <p>
          <span>
            Long jump:
          </span>
           
          NaN/NaNft
        </p>
        <p>
          <span>
            High jump:
          </span>
           
          NaN/NaNft
        </p>
        <p>
          <span>
            Skills:
          </span>
           
          Athletics
        </p>
      </div>
    </div>
  </body>,
  "container": <div>
    <div
      class="ability-score-counter"
    >
      <div
        class="counter-container"
      >
        <div
          class="score-display"
        >
          <button
            class="button-container is-disabled"
            disabled=""
            type="button"
          >
            <test-file-stub />
          </button>
          <div>
            NaN
          </div>
          <button
            class="button-container"
            type="button"
          >
            <test-file-stub />
          </button>
        </div>
        <div
          class="bonus-display"
        >
          NaN
        </div>
      </div>
      <h2
        class="attribute"
      >
        strength
      </h2>
      <p>
        <span>
          Carry weight:
        </span>
         
        NaNlb
      </p>
      <p>
        <span>
          Push weight:
        </span>
         
        NaNlb
      </p>
      <p>
        <span>
          Long jump:
        </span>
         
        NaN/NaNft
      </p>
      <p>
        <span>
          High jump:
        </span>
         
        NaN/NaNft
      </p>
      <p>
        <span>
          Skills:
        </span>
         
        Athletics
      </p>
    </div>
  </div>,
  "debug": [Function],
  "findAllByAltText": [Function],
  "findAllByDisplayValue": [Function],
  "findAllByLabelText": [Function],
  "findAllByPlaceholderText": [Function],
  "findAllByRole": [Function],
  "findAllByTestId": [Function],
  "findAllByText": [Function],
  "findAllByTitle": [Function],
  "findByAltText": [Function],
  "findByDisplayValue": [Function],
  "findByLabelText": [Function],
  "findByPlaceholderText": [Function],
  "findByRole": [Function],
  "findByTestId": [Function],
  "findByText": [Function],
  "findByTitle": [Function],
  "getAllByAltText": [Function],
  "getAllByDisplayValue": [Function],
  "getAllByLabelText": [Function],
  "getAllByPlaceholderText": [Function],
  "getAllByRole": [Function],
  "getAllByTestId": [Function],
  "getAllByText": [Function],
  "getAllByTitle": [Function],
  "getByAltText": [Function],
  "getByDisplayValue": [Function],
  "getByLabelText": [Function],
  "getByPlaceholderText": [Function],
  "getByRole": [Function],
  "getByTestId": [Function],
  "getByText": [Function],
  "getByTitle": [Function],
  "queryAllByAltText": [Function],
  "queryAllByDisplayValue": [Function],
  "queryAllByLabelText": [Function],
  "queryAllByPlaceholderText": [Function],
  "queryAllByRole": [Function],
  "queryAllByTestId": [Function],
  "queryAllByText": [Function],
  "queryAllByTitle": [Function],
  "queryByAltText": [Function],
  "queryByDisplayValue": [Function],
  "queryByLabelText": [Function],
  "queryByPlaceholderText": [Function],
  "queryByRole": [Function],
  "queryByTestId": [Function],
  "queryByText": [Function],
  "queryByTitle": [Function],
  "rerender": [Function],
  "unmount": [Function],
}
`;
